---
source: src/tui/view.rs
expression: "draw(&app, 100, 4).backend()"
---
" gh-overview   [1] To review (2)   [2] My PRs (1)               ● daemon not running — ghov install "
" ▲ personal: gh auth token failed (last ok 10m ago)   ▲ notifications are off for gh-overview       "
"────────────────────────────────────────────────────────────────────────────────────────────────────"
" enter open · s snooze · d done · r refresh · tab/1/2 switch · j/k move · q quit                    "
