---
source: src/tui/view.rs
expression: "draw(&app(), 80, 7).backend()"
---
" gh-overview   [1] To review (2)   [2] My PRs (1)              ● polled 12s ago "
"────────────────────────────────────────────────────────────────────────────────"
"  REPO                         #      TITLE          ACCT       VIA             "
"▶ acme/gateway                 412    [api] add rat… work                       "
"  acme/infrastructure          77     PR 77          work       team:platform   "
"────────────────────────────────────────────────────────────────────────────────"
" enter open · r refresh · tab/1/2 switch · j/k move · q quit                    "
